exports[`Startup component renders correctly 1`] = `
<View
  style={
    Object {
      "backgroundColor": "#F9F9F9",
      "flex": 1,
      "paddingBottom": 100,
      "paddingHorizontal": 16,
      "paddingTop": 16,
    }
  }>
  <Image
    source={1} />
  <Text
    accessible={true}
    allowFontScaling={true}
    ellipsizeMode="tail">
    The app is loading, please wait...
  </Text>
  <ActivityIndicator
    animating={true}
    color="#cccccc"
    hidesWhenStopped={true}
    size="small"
    style={Object {}} />
</View>
`;
